Microchip MPLAB XC8 Compiler V2.32

Linker command line:

-W-3 --edf=D:\Program Files\Microchip\xc8\v2.32\pic\dat\en_msgs.txt -cn \
  -h+dist/default/production\IntelliShower.X.production.sym \
  --cmf=dist/default/production\IntelliShower.X.production.cmf -z -Q18F4550 \
  -oC:\Users\UnSup\AppData\Local\Temp\xcAsaus.4 --defsym=__MPLAB_BUILD=1 \
  -Mdist/default/production/IntelliShower.X.production.map -E1 \
  -ver=XC8 Compiler --acfsm=1493 -ASTACK=0150h-07FFh -pstack=STACK \
  -ACODE=00h-07FFFh -ACONST=00h-07FFFh -ASMALLCONST=0800h-08FFhx120 \
  -AMEDIUMCONST=0800h-07FFFh -ACOMRAM=01h-05Fh -AABS1=00h-07FFh \
  -ABIGRAM=01h-07FFh -ARAM=060h-0FFh,0100h-01FFhx7 -ABANK0=060h-0FFh \
  -ABANK1=0100h-01FFh -ABANK2=0200h-02FFh -ABANK3=0300h-03FFh \
  -ABANK4=0400h-04FFh -ABANK5=0500h-05FFh -ABANK6=0600h-06FFh \
  -ABANK7=0700h-07FFh -ASFR=0F60h-0FFFh -ACONFIG=0300000h-030000Dh \
  -AIDLOC=0200000h-0200007h -AEEDATA=0F00000h-0F000FFh -peeprom_data=EEDATA \
  -preset_vec=00h,intcode,intcodelo,powerup,init -pramtop=0800h \
  -psmallconst=SMALLCONST -pmediumconst=MEDIUMCONST -pconst=CONST \
  -AFARRAM=00h-00h \
  -prdata=COMRAM,nvrram=COMRAM,nvbit=COMRAM,rbss=COMRAM,rbit=COMRAM \
  -pfarbss=FARRAM,fardata=FARRAM,nvFARRAM=FARRAM \
  -pintsave_regs=BIGRAM,bigbss=BIGRAM,bigdata=BIGRAM -pbss=RAM \
  -pidata=CODE,irdata=CODE,ibigdata=CODE,ifardata=CODE -prparam=COMRAM \
  C:\Users\UnSup\AppData\Local\Temp\xcAsaus.o \
  dist/default/production\IntelliShower.X.production.o 

Object code version is 3.11

Machine type is 18F4550



                Name                               Link     Load   Length Selector   Space Scale
C:\Users\UnSup\AppData\Local\Temp\xcAsaus.o
                idloc                            200000   200000        8        0       5
                config                           300000   300000        E        0       4
                init                                  0        0        4        0       0
dist/default/production\IntelliShower.X.production.o
                idloc                            200000   200000        8        0       5
                config                           300000   300000        E        0       4
                smallconst                          800      800       4C      400       0
                text45                             29C6     29C6      1B4      426       0
                text44                             3C7A     3C7A       2C      426       0
                text43                             3970     3970       50      426       0
                text42                             3920     3920       50      426       0
                text41                             37C2     37C2       5E      426       0
                text40                             3A8C     3A8C       40      426       0
                text39                             3CCC     3CCC       26      426       0
                text38                             3B3C     3B3C       38      426       0
                text37                             38CE     38CE       52      426       0
                text36                             2B7A     2B7A      190      426       0
                text35                             346A     346A       C4      426       0
                text34                             352E     352E       B0      426       0
                text33                             21EE     21EE      39A      426       0
                text32                             35DE     35DE       AA      426       0
                text31                             2F3E     2F3E      104      426       0
                text30                             1DC4     1DC4      42A      426       0
                text29                             3B04     3B04       38      426       0
                text28                             14A4     14A4      4C0      426       0
                text27                             39C0     39C0       46      426       0
                text26                             2E38     2E38      106      426       0
                text25                             3042     3042       FE      426       0
                text24                             27B4     27B4      212      426       0
                text23                             3D1E     3D1E        2     1E8B       0
                text22                             3216     3216       CA      426       0
                text21                             3A06     3A06       44      426       0
                text20                             3BE0     3BE0       36      426       0
                text19                             32E0     32E0       C6      426       0
                text18                             3820     3820       5C      426       0
                text17                             3ACC     3ACC       38      426       0
                text16                             3762     3762       60      426       0
                text15                              84C      84C      C58      426       0
                text14                             3140     3140       D6      426       0
                text13                             1964     1964      460      426       0
                text12                             3700     3700       62      426       0
                text11                             387C     387C       52      426       0
                text10                             3688     3688       78      426       0
                text9                              33A6     33A6       C4      426       0
                text8                              3D16     3D16        8     1E8B       0
                text7                              3BAA     3BAA       36      426       0
                text6                              3B74     3B74       36      426       0
                text5                              3CF2     3CF2       14      426       0
                text4                              3C16     3C16       34      426       0
                text3                              3CA6     3CA6       26      426       0
                text2                              3C4A     3C4A       30      426       0
                text1                              2588     2588      22C      426       0
                text0                              2D0A     2D0A      12E      426       0
                cstackCOMRAM                          1        1       5F        1       1
                cstackBANK0                          60       60       4D       60       1
                bssBANK1                            100      100       50      100       1
                dataBANK0                            D7       D7        F       60       1
                bssBANK0                             AD       AD       2A       60       1
                cinit                              3A4A     3A4A       42      426       0
                idataBANK0                         3D06     3D06        F      426       0

TOTAL           Name                               Link     Load   Length     Space
        CLASS   STACK          

        CLASS   CODE           
                init                                  0        0        4         0
                text45                             29C6     29C6      1B4         0
                text44                             3C7A     3C7A       2C         0
                text43                             3970     3970       50         0
                text42                             3920     3920       50         0
                text41                             37C2     37C2       5E         0
                text40                             3A8C     3A8C       40         0
                text39                             3CCC     3CCC       26         0
                text38                             3B3C     3B3C       38         0
                text37                             38CE     38CE       52         0
                text36                             2B7A     2B7A      190         0
                text35                             346A     346A       C4         0
                text34                             352E     352E       B0         0
                text33                             21EE     21EE      39A         0
                text32                             35DE     35DE       AA         0
                text31                             2F3E     2F3E      104         0
                text30                             1DC4     1DC4      42A         0
                text29                             3B04     3B04       38         0
                text28                             14A4     14A4      4C0         0
                text27                             39C0     39C0       46         0
                text26                             2E38     2E38      106         0
                text25                             3042     3042       FE         0
                text24                             27B4     27B4      212         0
                text23                             3D1E     3D1E        2         0
                text22                             3216     3216       CA         0
                text21                             3A06     3A06       44         0
                text20                             3BE0     3BE0       36         0
                text19                             32E0     32E0       C6         0
                text18                             3820     3820       5C         0
                text17                             3ACC     3ACC       38         0
                text16                             3762     3762       60         0
                text15                              84C      84C      C58         0
                text14                             3140     3140       D6         0
                text13                             1964     1964      460         0
                text12                             3700     3700       62         0
                text11                             387C     387C       52         0
                text10                             3688     3688       78         0
                text9                              33A6     33A6       C4         0
                text8                              3D16     3D16        8         0
                text7                              3BAA     3BAA       36         0
                text6                              3B74     3B74       36         0
                text5                              3CF2     3CF2       14         0
                text4                              3C16     3C16       34         0
                text3                              3CA6     3CA6       26         0
                text2                              3C4A     3C4A       30         0
                text1                              2588     2588      22C         0
                text0                              2D0A     2D0A      12E         0
                cinit                              3A4A     3A4A       42         0
                idataBANK0                         3D06     3D06        F         0

        CLASS   CONST          

        CLASS   SMALLCONST     
                smallconst                          800      800       4C         0

        CLASS   MEDIUMCONST    

        CLASS   COMRAM         
                cstackCOMRAM                          1        1       5F         1

        CLASS   ABS1           

        CLASS   BIGRAM         

        CLASS   RAM            

        CLASS   BANK0          
                cstackBANK0                          60       60       4D         1
                dataBANK0                            D7       D7        F         1
                bssBANK0                             AD       AD       2A         1

        CLASS   BANK1          
                bssBANK1                            100      100       50         1

        CLASS   BANK2          

        CLASS   BANK3          

        CLASS   BANK4          

        CLASS   BANK5          

        CLASS   BANK6          

        CLASS   BANK7          

        CLASS   SFR            

        CLASS   CONFIG         
                config                           300000   300000        E         4

        CLASS   IDLOC          
                idloc                            200000   200000        8         5

        CLASS   EEDATA         

        CLASS   FARRAM         



SEGMENTS        Name                           Load    Length   Top    Selector   Space  Class

                reset_vec                      000000  000004  000004         0       0  CODE    
                cstackCOMRAM                   000001  00005F  000060         1       1  COMRAM  
                cstackBANK0                    000060  000086  0000E6        60       1  BANK0   
                bssBANK1                       000100  000050  000150       100       1  BANK1   
                smallconst                     000800  00004C  00084C       400       0  SMALLCON
                text15                         00084C  0034C9  003D15       426       0  CODE    
                text8                          003D16  00000A  003D20      1E8B       0  CODE    


UNUSED ADDRESS RANGES

        Name                Unused          Largest block    Delta
        BANK0            0000E6-0000FF               1A
        BANK1            000150-0001FF               B0
        BANK2            000200-0002FF              100
        BANK3            000300-0003FF              100
        BANK4            000400-0004FF              100
        BANK5            000500-0005FF              100
        BANK6            000600-0006FF              100
        BANK7            000700-0007FF              100
        BIGRAM           0000E6-0000FF               1A
                         000150-0007FF              6B0
        CODE             000004-0007FF              7FC
                         003D15-003D15                1
                         003D20-007FFF             42E0
        CONST            000004-0007FF              7FC
                         003D15-003D15                1
                         003D20-007FFF             42E0
        EEDATA           F00000-F000FF              100
        MEDIUMCONST      003D15-003D15                1
                         003D20-007FFF             42E0
        RAM              0000E6-0000FF               1A
                         000150-0007FF              100
        SFR              000F60-000FFF               A0
        SMALLCONST       003D15-003D15                1
                         003D20-007FFF              100
        STACK            000150-0007FF              6B0

                                  Symbol Table

?___awdiv                     cstackCOMRAM 000001
?___awmod                     cstackCOMRAM 000001
?___fladd                     cstackCOMRAM 000001
?___fldiv                     cstackCOMRAM 000001
?___flmul                     cstackCOMRAM 00000F
?___flneg                     cstackCOMRAM 000001
?___flsub                     cstackCOMRAM 000028
?___fltol                     cstackCOMRAM 000001
?___fpclassifyf               cstackCOMRAM 000001
?___wmul                      cstackCOMRAM 000001
?___xxtofl                    cstackCOMRAM 000001
?_adc_reader                  cstackCOMRAM 000001
?_atoi                        cstackCOMRAM 000008
?_efgtoa                      cstackCOMRAM 000034
?_floorf                      cstackCOMRAM 00001A
?_isdigit                     cstackCOMRAM 000001
?_isspace                     cstackCOMRAM 000001
?_isupper                     cstackCOMRAM 000001
?_pad                         cstackCOMRAM 000011
?_sprintf                     cstackBANK0  000098
?_strlen                      cstackCOMRAM 000001
?_strncmp                     cstackCOMRAM 000001
?_tolower                     cstackCOMRAM 000007
?_vfpfcnvrt                   cstackCOMRAM 000040
?_vfprintf                    cstackCOMRAM 000056
LCD_Char@dat                  cstackCOMRAM 000002
LCD_Command@cmd               cstackCOMRAM 000002
LCD_String@msg                cstackCOMRAM 000003
LCD_String_xy@location        cstackCOMRAM 000009
LCD_String_xy@msg             cstackCOMRAM 000006
LCD_String_xy@pos             cstackCOMRAM 000005
LCD_String_xy@row             cstackCOMRAM 000008
_ADCON0bits                   (abs)        000FC2
_ADCON1                       (abs)        000FC1
_ADCON1bits                   (abs)        000FC1
_ADCON2bits                   (abs)        000FC0
_ADRESH                       (abs)        000FC4
_ADRESL                       (abs)        000FC3
_LATA1                        (abs)        007C49
_LATB                         (abs)        000F8A
_LATC0                        (abs)        007C58
_LATC1                        (abs)        007C59
_LATD                         (abs)        000F8C
_LATD0                        (abs)        007C60
_LATD1                        (abs)        007C61
_LCD_Char                     text42       003920
_LCD_Clear                    text8        003D16
_LCD_Command                  text43       003970
_LCD_Init                     text4        003C16
_LCD_String                   text41       0037C2
_LCD_String_xy                text40       003A8C
_OSCCON                       (abs)        000FD3
_OSCCONbits                   (abs)        000FD3
_PORTB                        (abs)        000F81
_RBPU                         (abs)        007F8F
_TRISA                        (abs)        000F92
_TRISB                        (abs)        000F93
_TRISC                        (abs)        000F94
_TRISD                        (abs)        000F95
__HRAM                        (abs)        000000
__Habs1                       abs1         000000
__Hbank0                      bank0        000000
__Hbank1                      bank1        000000
__Hbank2                      bank2        000000
__Hbank3                      bank3        000000
__Hbank4                      bank4        000000
__Hbank5                      bank5        000000
__Hbank6                      bank6        000000
__Hbank7                      bank7        000000
__Hbigbss                     bigbss       000000
__Hbigdata                    bigdata      000000
__Hbigram                     bigram       000000
__Hbss                        bss          000000
__HbssBANK0                   bssBANK0     000000
__HbssBANK1                   bssBANK1     000000
__Hcinit                      cinit        000000
__Hclrtext                    clrtext      000000
__Hcomram                     comram       000000
__Hconfig                     config       30000E
__Hconst                      const        000000
__HcstackBANK0                cstackBANK0  000000
__HcstackCOMRAM               cstackCOMRAM 000000
__Hdata                       data         000000
__HdataBANK0                  dataBANK0    000000
__Heeprom_data                eeprom_data  000000
__Hfarbss                     farbss       000000
__Hfardata                    fardata      000000
__Hibigdata                   ibigdata     000000
__Hidata                      idata        000000
__HidataBANK0                 idataBANK0   000000
__Hidloc                      idloc        200008
__Hifardata                   ifardata     000000
__Hinit                       init         000004
__Hintcode                    intcode      000000
__Hintcode_body               intcode_body 000000
__Hintcodelo                  intcodelo    000000
__Hintentry                   intentry     000000
__Hintret                     intret       000000
__Hintsave_regs               intsave_regs 000000
__Hirdata                     irdata       000000
__Hmediumconst                mediumconst  000000
__HnvFARRAM                   nvFARRAM     000000
__Hnvbit                      nvbit        000000
__Hnvrram                     nvrram       000000
__Hparam                      rparam       000000
__Hpowerup                    powerup      000000
__Hram                        ram          000000
__Hramtop                     ramtop       000800
__Hrbit                       rbit         000000
__Hrbss                       rbss         000000
__Hrdata                      rdata        000000
__Hreset_vec                  reset_vec    000000
__Hrparam                     rparam       000000
__Hsfr                        sfr          000000
__Hsmallconst                 smallconst   00084C
__Hspace_0                    (abs)        003D20
__Hspace_1                    (abs)        000150
__Hspace_2                    (abs)        000000
__Hspace_4                    (abs)        60000E
__Hstack                      stack        000000
__Hstruct                     struct       000000
__Htemp                       temp         000000
__Htext                       text         000000
__Htext0                      text0        000000
__Htext1                      text1        000000
__Htext10                     text10       000000
__Htext11                     text11       000000
__Htext12                     text12       000000
__Htext13                     text13       000000
__Htext14                     text14       000000
__Htext15                     text15       000000
__Htext16                     text16       000000
__Htext17                     text17       000000
__Htext18                     text18       000000
__Htext19                     text19       000000
__Htext2                      text2        000000
__Htext20                     text20       000000
__Htext21                     text21       000000
__Htext22                     text22       000000
__Htext23                     text23       000000
__Htext24                     text24       000000
__Htext25                     text25       000000
__Htext26                     text26       000000
__Htext27                     text27       000000
__Htext28                     text28       000000
__Htext29                     text29       000000
__Htext3                      text3        000000
__Htext30                     text30       000000
__Htext31                     text31       000000
__Htext32                     text32       000000
__Htext33                     text33       000000
__Htext34                     text34       000000
__Htext35                     text35       000000
__Htext36                     text36       000000
__Htext37                     text37       000000
__Htext38                     text38       000000
__Htext39                     text39       000000
__Htext4                      text4        000000
__Htext40                     text40       000000
__Htext41                     text41       000000
__Htext42                     text42       000000
__Htext43                     text43       000000
__Htext44                     text44       000000
__Htext45                     text45       000000
__Htext5                      text5        000000
__Htext6                      text6        000000
__Htext7                      text7        000000
__Htext8                      text8        000000
__Htext9                      text9        000000
__LRAM                        (abs)        000001
__Labs1                       abs1         000000
__Lbank0                      bank0        000000
__Lbank1                      bank1        000000
__Lbank2                      bank2        000000
__Lbank3                      bank3        000000
__Lbank4                      bank4        000000
__Lbank5                      bank5        000000
__Lbank6                      bank6        000000
__Lbank7                      bank7        000000
__Lbigbss                     bigbss       000000
__Lbigdata                    bigdata      000000
__Lbigram                     bigram       000000
__Lbss                        bss          000000
__LbssBANK0                   bssBANK0     000000
__LbssBANK1                   bssBANK1     000000
__Lcinit                      cinit        000000
__Lclrtext                    clrtext      000000
__Lcomram                     comram       000000
__Lconfig                     config       000000
__Lconst                      const        000000
__LcstackBANK0                cstackBANK0  000000
__LcstackCOMRAM               cstackCOMRAM 000000
__Ldata                       data         000000
__LdataBANK0                  dataBANK0    000000
__Leeprom_data                eeprom_data  000000
__Lfarbss                     farbss       000000
__Lfardata                    fardata      000000
__Libigdata                   ibigdata     000000
__Lidata                      idata        000000
__LidataBANK0                 idataBANK0   000000
__Lidloc                      idloc        000000
__Lifardata                   ifardata     000000
__Linit                       init         000000
__Lintcode                    intcode      000000
__Lintcode_body               intcode_body 000000
__Lintcodelo                  intcodelo    000000
__Lintentry                   intentry     000000
__Lintret                     intret       000000
__Lintsave_regs               intsave_regs 000000
__Lirdata                     irdata       000000
__Lmediumconst                mediumconst  000000
__LnvFARRAM                   nvFARRAM     000000
__Lnvbit                      nvbit        000000
__Lnvrram                     nvrram       000000
__Lparam                      rparam       000000
__Lpowerup                    powerup      000000
__Lram                        ram          000000
__Lramtop                     ramtop       000800
__Lrbit                       rbit         000000
__Lrbss                       rbss         000000
__Lrdata                      rdata        000000
__Lreset_vec                  reset_vec    000000
__Lrparam                     rparam       000000
__Lsfr                        sfr          000000
__Lsmallconst                 smallconst   000800
__Lspace_0                    (abs)        000000
__Lspace_1                    (abs)        000000
__Lspace_2                    (abs)        000000
__Lspace_4                    (abs)        000000
__Lstack                      stack        000000
__Lstruct                     struct       000000
__Ltemp                       temp         000000
__Ltext                       text         000000
__Ltext0                      text0        000000
__Ltext1                      text1        000000
__Ltext10                     text10       000000
__Ltext11                     text11       000000
__Ltext12                     text12       000000
__Ltext13                     text13       000000
__Ltext14                     text14       000000
__Ltext15                     text15       000000
__Ltext16                     text16       000000
__Ltext17                     text17       000000
__Ltext18                     text18       000000
__Ltext19                     text19       000000
__Ltext2                      text2        000000
__Ltext20                     text20       000000
__Ltext21                     text21       000000
__Ltext22                     text22       000000
__Ltext23                     text23       000000
__Ltext24                     text24       000000
__Ltext25                     text25       000000
__Ltext26                     text26       000000
__Ltext27                     text27       000000
__Ltext28                     text28       000000
__Ltext29                     text29       000000
__Ltext3                      text3        000000
__Ltext30                     text30       000000
__Ltext31                     text31       000000
__Ltext32                     text32       000000
__Ltext33                     text33       000000
__Ltext34                     text34       000000
__Ltext35                     text35       000000
__Ltext36                     text36       000000
__Ltext37                     text37       000000
__Ltext38                     text38       000000
__Ltext39                     text39       000000
__Ltext4                      text4        000000
__Ltext40                     text40       000000
__Ltext41                     text41       000000
__Ltext42                     text42       000000
__Ltext43                     text43       000000
__Ltext44                     text44       000000
__Ltext45                     text45       000000
__Ltext5                      text5        000000
__Ltext6                      text6        000000
__Ltext7                      text7        000000
__Ltext8                      text8        000000
__Ltext9                      text9        000000
__S0                          (abs)        003D20
__S1                          (abs)        000150
__S2                          (abs)        000000
__S4                          (abs)        000000
__S5                          (abs)        000000
___awdiv                      text35       00346A
___awdiv@counter              cstackCOMRAM 000005
___awdiv@dividend             cstackCOMRAM 000001
___awdiv@divisor              cstackCOMRAM 000003
___awdiv@quotient             cstackCOMRAM 000007
___awdiv@sign                 cstackCOMRAM 000006
___awmod                      text34       00352E
___awmod@counter              cstackCOMRAM 000005
___awmod@dividend             cstackCOMRAM 000001
___awmod@divisor              cstackCOMRAM 000003
___awmod@sign                 cstackCOMRAM 000006
___fladd                      text28       0014A4
___fladd@a                    cstackCOMRAM 000005
___fladd@aexp                 cstackCOMRAM 00000E
___fladd@b                    cstackCOMRAM 000001
___fladd@bexp                 cstackCOMRAM 00000F
___fladd@grs                  cstackCOMRAM 000010
___fladd@signs                cstackCOMRAM 00000D
___fldiv                      text33       0021EE
___fldiv@a                    cstackCOMRAM 000005
___fldiv@aexp                 cstackCOMRAM 000019
___fldiv@b                    cstackCOMRAM 000001
___fldiv@bexp                 cstackCOMRAM 000018
___fldiv@grs                  cstackCOMRAM 000014
___fldiv@new_exp              cstackCOMRAM 000012
___fldiv@rem                  cstackCOMRAM 00000D
___fldiv@sign                 cstackCOMRAM 000011
___fleq                       text32       0035DE
___fleq@ff1                   cstackCOMRAM 000001
___fleq@ff2                   cstackCOMRAM 000005
___flge                       text31       002F3E
___flge@ff1                   cstackCOMRAM 000028
___flge@ff2                   cstackCOMRAM 00002C
___flmul                      text30       001DC4
___flmul@a                    cstackCOMRAM 000013
___flmul@aexp                 cstackCOMRAM 000020
___flmul@b                    cstackCOMRAM 00000F
___flmul@bexp                 cstackCOMRAM 000021
___flmul@grs                  cstackCOMRAM 00001C
___flmul@prod                 cstackCOMRAM 000022
___flmul@sign                 cstackCOMRAM 00001B
___flmul@temp                 cstackCOMRAM 000026
___flneg                      text29       003B04
___flneg@f1                   cstackCOMRAM 000001
___flsub                      text27       0039C0
___flsub@a                    cstackCOMRAM 00002C
___flsub@b                    cstackCOMRAM 000028
___fltol                      text26       002E38
___fltol@exp1                 cstackCOMRAM 00000A
___fltol@f1                   cstackCOMRAM 000001
___fltol@sign1                cstackCOMRAM 000009
___fpclassifyf                text25       003042
___fpclassifyf@F465           bssBANK0     0000B1
___fpclassifyf@e              cstackCOMRAM 000009
___fpclassifyf@u              cstackCOMRAM 00000B
___fpclassifyf@x              cstackCOMRAM 000001
___inthi_sp                   stack        000000
___intlo_sp                   stack        000000
___param_bank                 (abs)        000000
___rparam_used                (abs)        000001
___sp                         stack        000000
___wmul                       text39       003CCC
___wmul@multiplicand          cstackCOMRAM 000003
___wmul@multiplier            cstackCOMRAM 000001
___wmul@product               cstackCOMRAM 000005
___xxtofl                     text45       0029C6
___xxtofl@arg                 cstackCOMRAM 00000B
___xxtofl@exp                 cstackCOMRAM 00000A
___xxtofl@sign                cstackCOMRAM 000009
___xxtofl@val                 cstackCOMRAM 000001
__accesstop                   (abs)        000060
__activetblptr                (abs)        000002
__end_of_LCD_Char             text42       003970
__end_of_LCD_Clear            text8        003D1E
__end_of_LCD_Command          text43       0039C0
__end_of_LCD_Init             text4        003C4A
__end_of_LCD_String           text41       003820
__end_of_LCD_String_xy        text40       003ACC
__end_of___awdiv              text35       00352E
__end_of___awmod              text34       0035DE
__end_of___fladd              text28       001964
__end_of___fldiv              text33       002588
__end_of___fleq               text32       003688
__end_of___flge               text31       003042
__end_of___flmul              text30       0021EE
__end_of___flneg              text29       003B3C
__end_of___flsub              text27       003A06
__end_of___fltol              text26       002F3E
__end_of___fpclassifyf        text25       003140
__end_of___wmul               text39       003CF2
__end_of___xxtofl             text45       002B7A
__end_of__initialization      cinit        003A82
__end_of_actDesactRelay       text9        00346A
__end_of_adc_initcon          text3        003CCC
__end_of_adc_reader           text44       003CA6
__end_of_alarmaNegativa       text7        003BE0
__end_of_alarmaPositiva       text6        003BAA
__end_of_atoi                 text36       002D0A
__end_of_efgtoa               text15       0014A4
__end_of_floorf               text24       0029C6
__end_of_fputc                text22       0032E0
__end_of_fputs                text21       003A4A
__end_of_imprimirBlanco       text5        003D06
__end_of_imprimirTemperatura  text10       003700
__end_of_inicializar          text2        003C7A
__end_of_isdigit              text38       003B74
__end_of_isspace              text37       003920
__end_of_isupper              text17       003B04
__end_of_keyfind              text1        0027B4
__end_of_main                 text0        002E38
__end_of_pad                  text19       0033A6
__end_of_putch                text23       003D20
__end_of_sprintf              text11       0038CE
__end_of_strcpy               text18       00387C
__end_of_strlen               text20       003C16
__end_of_strncmp              text14       003216
__end_of_tolower              text16       0037C2
__end_of_vfpfcnvrt            text13       001DC4
__end_of_vfprintf             text12       003762
__initialization              cinit        003A4A
__mediumconst                 mediumconst  000000
__pbssBANK0                   bssBANK0     0000AD
__pbssBANK1                   bssBANK1     000100
__pcinit                      cinit        003A4A
__pcstackBANK0                cstackBANK0  000060
__pcstackCOMRAM               cstackCOMRAM 000001
__pdataBANK0                  dataBANK0    0000D7
__pidataBANK0                 idataBANK0   003D06
__psmallconst                 smallconst   000800
__ptext0                      text0        002D0A
__ptext1                      text1        002588
__ptext10                     text10       003688
__ptext11                     text11       00387C
__ptext12                     text12       003700
__ptext13                     text13       001964
__ptext14                     text14       003140
__ptext15                     text15       00084C
__ptext16                     text16       003762
__ptext17                     text17       003ACC
__ptext18                     text18       003820
__ptext19                     text19       0032E0
__ptext2                      text2        003C4A
__ptext20                     text20       003BE0
__ptext21                     text21       003A06
__ptext22                     text22       003216
__ptext23                     text23       003D1E
__ptext24                     text24       0027B4
__ptext25                     text25       003042
__ptext26                     text26       002E38
__ptext27                     text27       0039C0
__ptext28                     text28       0014A4
__ptext29                     text29       003B04
__ptext3                      text3        003CA6
__ptext30                     text30       001DC4
__ptext31                     text31       002F3E
__ptext32                     text32       0035DE
__ptext33                     text33       0021EE
__ptext34                     text34       00352E
__ptext35                     text35       00346A
__ptext36                     text36       002B7A
__ptext37                     text37       0038CE
__ptext38                     text38       003B3C
__ptext39                     text39       003CCC
__ptext4                      text4        003C16
__ptext40                     text40       003A8C
__ptext41                     text41       0037C2
__ptext42                     text42       003920
__ptext43                     text43       003970
__ptext44                     text44       003C7A
__ptext45                     text45       0029C6
__ptext5                      text5        003CF2
__ptext6                      text6        003B74
__ptext7                      text7        003BAA
__ptext8                      text8        003D16
__ptext9                      text9        0033A6
__ramtop                      ramtop       000800
__size_of_LCD_Char            (abs)        000000
__size_of_LCD_Clear           (abs)        000000
__size_of_LCD_Command         (abs)        000000
__size_of_LCD_Init            (abs)        000000
__size_of_LCD_String          (abs)        000000
__size_of_LCD_String_xy       (abs)        000000
__size_of___awdiv             (abs)        000000
__size_of___awmod             (abs)        000000
__size_of___fladd             (abs)        000000
__size_of___fldiv             (abs)        000000
__size_of___fleq              (abs)        000000
__size_of___flge              (abs)        000000
__size_of___flmul             (abs)        000000
__size_of___flneg             (abs)        000000
__size_of___flsub             (abs)        000000
__size_of___fltol             (abs)        000000
__size_of___fpclassifyf       (abs)        000000
__size_of___wmul              (abs)        000000
__size_of___xxtofl            (abs)        000000
__size_of_actDesactRelay      (abs)        000000
__size_of_adc_initcon         (abs)        000000
__size_of_adc_reader          (abs)        000000
__size_of_alarmaNegativa      (abs)        000000
__size_of_alarmaPositiva      (abs)        000000
__size_of_atoi                (abs)        000000
__size_of_efgtoa              (abs)        000000
__size_of_floorf              (abs)        000000
__size_of_fputc               (abs)        000000
__size_of_fputs               (abs)        000000
__size_of_imprimirBlanco      (abs)        000000
__size_of_imprimirTemperatura (abs)        000000
__size_of_inicializar         (abs)        000000
__size_of_isdigit             (abs)        000000
__size_of_isspace             (abs)        000000
__size_of_isupper             (abs)        000000
__size_of_keyfind             (abs)        000000
__size_of_main                (abs)        000000
__size_of_pad                 (abs)        000000
__size_of_putch               (abs)        000000
__size_of_sprintf             (abs)        000000
__size_of_strcpy              (abs)        000000
__size_of_strlen              (abs)        000000
__size_of_strncmp             (abs)        000000
__size_of_tolower             (abs)        000000
__size_of_vfpfcnvrt           (abs)        000000
__size_of_vfprintf            (abs)        000000
__smallconst                  smallconst   000800
_actDesactRelay               text9        0033A6
_adc_initcon                  text3        003CA6
_adc_reader                   text44       003C7A
_alarmaNegativa               text7        003BAA
_alarmaPositiva               text6        003B74
_atoi                         text36       002B7A
_atoi$1073                    cstackCOMRAM 000010
_atoi$1074                    cstackCOMRAM 000014
_atoi$1075                    cstackCOMRAM 000012
_col_loc                      bssBANK0     0000C6
_dbuf                         bssBANK1     000100
_efgtoa                       text15       00084C
_efgtoa$1009                  cstackBANK0  000060
_efgtoa$1010                  cstackBANK0  000062
_efgtoa$1015                  cstackBANK0  000064
_efgtoa$1019                  cstackBANK0  000066
_efgtoa$1020                  cstackBANK0  000068
_efgtoa$1021                  cstackBANK0  00006A
_flags                        bssBANK0     0000BF
_floorf                       text24       0027B4
_fputc                        text22       003216
_fputs                        text21       003A06
_idx                          bssBANK0     0000C3
_imprimirBlanco               text5        003CF2
_imprimirTemperatura          text10       003688
_inicializar                  text2        003C4A
_isdigit                      text38       003B3C
_isspace                      text37       0038CE
_isspace$1104                 cstackCOMRAM 000007
_isupper                      text17       003ACC
_keyfind                      text1        002588
_keypad                       dataBANK0    0000D7
_lm35                         bssBANK0     0000C7
_main                         text0        002D0A
_nout                         bssBANK0     0000B9
_pad                          text19       0032E0
_prec                         bssBANK0     0000BD
_putch                        text23       003D1E
_rowloc                       bssBANK0     0000C5
_sprintf                      text11       00387C
_strcpy                       text18       003820
_strlen                       text20       003BE0
_strncmp                      text14       003140
_temp                         bssBANK0     0000B5
_temp_col                     bssBANK0     0000C4
_tolower                      text16       003762
_tolower$1168                 cstackCOMRAM 00000D
_userTemp                     dataBANK0    0000E3
_value_adc                    bssBANK0     0000C1
_vfpfcnvrt                    text13       001964
_vfpfcnvrt$1035               cstackCOMRAM 00004A
_vfpfcnvrt$1039               cstackCOMRAM 00004C
_vfprintf                     text12       003700
_width                        bssBANK0     0000BB
actDesactRelay@number         cstackBANK0  0000AA
adc_reader@value_adc          cstackCOMRAM 000005
atoi@n                        cstackCOMRAM 000015
atoi@neg                      cstackCOMRAM 00000E
atoi@s                        cstackCOMRAM 000008
efgtoa@c                      cstackCOMRAM 00003A
efgtoa@d                      cstackBANK0  000078
efgtoa@e                      cstackBANK0  000090
efgtoa@f                      cstackCOMRAM 000036
efgtoa@fp                     cstackCOMRAM 000034
efgtoa@g                      cstackBANK0  00008C
efgtoa@h                      cstackBANK0  000082
efgtoa@i                      cstackBANK0  00008A
efgtoa@l                      cstackBANK0  000086
efgtoa@m                      cstackBANK0  000072
efgtoa@mode                   cstackBANK0  000081
efgtoa@n                      cstackBANK0  000092
efgtoa@ne                     cstackBANK0  000070
efgtoa@nmode                  cstackBANK0  000080
efgtoa@ou                     cstackBANK0  000074
efgtoa@p                      cstackBANK0  00007C
efgtoa@pp                     cstackBANK0  00006E
efgtoa@sign                   cstackBANK0  00007A
efgtoa@t                      cstackBANK0  00006C
efgtoa@u                      cstackBANK0  000094
efgtoa@w                      cstackBANK0  00007E
end_of_initialization         cinit        003A82
floorf@F527                   bssBANK0     0000AD
floorf@e                      cstackCOMRAM 000028
floorf@m                      cstackCOMRAM 000024
floorf@u                      cstackCOMRAM 00002A
floorf@x                      cstackCOMRAM 00001A
fputc@c                       cstackCOMRAM 000001
fputc@fp                      cstackCOMRAM 000003
fputs@c                       cstackCOMRAM 00000E
fputs@fp                      cstackCOMRAM 00000C
fputs@i                       cstackCOMRAM 00000F
fputs@s                       cstackCOMRAM 00000A
intlevel0                     text         000000
intlevel1                     text         000000
intlevel2                     text         000000
intlevel3                     text         000000
isa$std                       (abs)        000001
isa$xinst                     (abs)        000000
isdigit@c                     cstackCOMRAM 000001
isspace@c                     cstackCOMRAM 000001
isupper@c                     cstackCOMRAM 000001
main@char_userTemp            cstackBANK0  0000AC
pad@buf                       cstackCOMRAM 000013
pad@fp                        cstackCOMRAM 000011
pad@i                         cstackCOMRAM 000018
pad@p                         cstackCOMRAM 000015
pad@w                         cstackCOMRAM 00001A
sprintf@ap                    cstackBANK0  0000A0
sprintf@f                     cstackBANK0  0000A2
sprintf@fmt                   cstackBANK0  00009A
sprintf@s                     cstackBANK0  000098
stackhi                       (abs)        0007FF
stacklo                       (abs)        000150
start                         init         000000
start_initialization          cinit        003A4A
strcpy@d                      cstackCOMRAM 000009
strcpy@dest                   cstackCOMRAM 000001
strcpy@s                      cstackCOMRAM 000007
strcpy@src                    cstackCOMRAM 000003
strlen@a                      cstackCOMRAM 000003
strlen@s                      cstackCOMRAM 000001
strncmp@_l                    cstackCOMRAM 000001
strncmp@_r                    cstackCOMRAM 000003
strncmp@l                     cstackCOMRAM 000008
strncmp@n                     cstackCOMRAM 000005
strncmp@r                     cstackCOMRAM 00000A
tolower@c                     cstackCOMRAM 000007
vfpfcnvrt@ap                  cstackCOMRAM 000044
vfpfcnvrt@c                   cstackCOMRAM 000055
vfpfcnvrt@ct                  cstackCOMRAM 000052
vfpfcnvrt@f                   cstackCOMRAM 00004E
vfpfcnvrt@fmt                 cstackCOMRAM 000042
vfpfcnvrt@fp                  cstackCOMRAM 000040
vfprintf@ap                   cstackCOMRAM 00005A
vfprintf@cfmt                 cstackCOMRAM 00005C
vfprintf@fmt                  cstackCOMRAM 000058
vfprintf@fp                   cstackCOMRAM 000056


MODULE INFORMATION

Module		Function		Class		Link	Load	Size
D:\Program Files\Microchip\xc8\v2.32\pic\sources\c99\common\isdigit.c
		_isdigit       		CODE           	3B3C	0000	56

D:\Program Files\Microchip\xc8\v2.32\pic\sources\c99\common\isdigit.c estimated size: 56

D:\Program Files\Microchip\xc8\v2.32\pic\sources\c99\common\fltol.c
		___fltol       		CODE           	2E38	0000	262

D:\Program Files\Microchip\xc8\v2.32\pic\sources\c99\common\fltol.c estimated size: 262

D:\Program Files\Microchip\xc8\v2.32\pic\sources\c99\common\sprcadd.c
		___flsub       		CODE           	39C0	0000	70
		___fladd       		CODE           	14A4	0000	1216

D:\Program Files\Microchip\xc8\v2.32\pic\sources\c99\common\sprcadd.c estimated size: 1286

D:\Program Files\Microchip\xc8\v2.32\pic\sources\c99\common\doprnt.c
		_vfpfcnvrt     		CODE           	1964	0000	1120
		_efgtoa        		CODE           	084C	0000	3160
		_pad           		CODE           	32E0	0000	198
		_vfprintf      		CODE           	3700	0000	98

D:\Program Files\Microchip\xc8\v2.32\pic\sources\c99\common\doprnt.c estimated size: 4576

D:\Program Files\Microchip\xc8\v2.32\pic\sources\c99\common\__fpclassifyf.c
		___fpclassifyf 		CODE           	3042	0000	254

D:\Program Files\Microchip\xc8\v2.32\pic\sources\c99\common\__fpclassifyf.c estimated size: 254

D:\Program Files\Microchip\xc8\v2.32\pic\sources\c99\common\nf_fputs.c
		_fputs         		CODE           	3A06	0000	68

D:\Program Files\Microchip\xc8\v2.32\pic\sources\c99\common\nf_fputs.c estimated size: 68

D:\Program Files\Microchip\xc8\v2.32\pic\sources\c99\common\atoi.c
		_atoi          		CODE           	2B7A	0000	400

D:\Program Files\Microchip\xc8\v2.32\pic\sources\c99\common\atoi.c estimated size: 400

D:\Program Files\Microchip\xc8\v2.32\pic\sources\c99\common\fleq.c
		___fleq        		CODE           	35DE	0000	170

D:\Program Files\Microchip\xc8\v2.32\pic\sources\c99\common\fleq.c estimated size: 170

D:\Program Files\Microchip\xc8\v2.32\pic\sources\c99\common\Umul16.c
		___wmul        		CODE           	3CCC	0000	38

D:\Program Files\Microchip\xc8\v2.32\pic\sources\c99\common\Umul16.c estimated size: 38

keypad.c
		_keyfind       		CODE           	2588	0000	556

keypad.c estimated size: 556

D:\Program Files\Microchip\xc8\v2.32\pic\sources\c99\common\flneg.c
		___flneg       		CODE           	3B04	0000	56

D:\Program Files\Microchip\xc8\v2.32\pic\sources\c99\common\flneg.c estimated size: 56

Principal.c
		_imprimirTemperatura		CODE           	3688	0000	120
		_actDesactRelay		CODE           	33A6	0000	196
		_imprimirBlanco		CODE           	3CF2	0000	20
		_main          		CODE           	2D0A	0000	302
		_inicializar   		CODE           	3C4A	0000	48
		_alarmaNegativa		CODE           	3BAA	0000	54
		_alarmaPositiva		CODE           	3B74	0000	54

Principal.c estimated size: 794

D:\Program Files\Microchip\xc8\v2.32\pic\sources\c99\common\isupper.c
		_isupper       		CODE           	3ACC	0000	56

D:\Program Files\Microchip\xc8\v2.32\pic\sources\c99\common\isupper.c estimated size: 56

D:\Program Files\Microchip\xc8\v2.32\pic\sources\c99\common\nf_sprintf.c
		_sprintf       		CODE           	387C	0000	82

D:\Program Files\Microchip\xc8\v2.32\pic\sources\c99\common\nf_sprintf.c estimated size: 82

D:\Program Files\Microchip\xc8\v2.32\pic\sources\c99\common\nf_fputc.c
		_fputc         		CODE           	3216	0000	202

D:\Program Files\Microchip\xc8\v2.32\pic\sources\c99\common\nf_fputc.c estimated size: 202

D:\Program Files\Microchip\xc8\v2.32\pic\sources\c99\common\xxtofl.c
		___xxtofl      		CODE           	29C6	0000	436

D:\Program Files\Microchip\xc8\v2.32\pic\sources\c99\common\xxtofl.c estimated size: 436

D:\Program Files\Microchip\xc8\v2.32\pic\sources\c99\common\strlen.c
		_strlen        		CODE           	3BE0	0000	54

D:\Program Files\Microchip\xc8\v2.32\pic\sources\c99\common\strlen.c estimated size: 54

D:\Program Files\Microchip\xc8\v2.32\pic\sources\c99\common\floorf.c
		_floorf        		CODE           	27B4	0000	530

D:\Program Files\Microchip\xc8\v2.32\pic\sources\c99\common\floorf.c estimated size: 530

D:\Program Files\Microchip\xc8\v2.32\pic\sources\c99\common\sprcmul.c
		___flmul       		CODE           	1DC4	0000	1066

D:\Program Files\Microchip\xc8\v2.32\pic\sources\c99\common\sprcmul.c estimated size: 1066

D:\Program Files\Microchip\xc8\v2.32\pic\sources\c99\common\awmod.c
		___awmod       		CODE           	352E	0000	176

D:\Program Files\Microchip\xc8\v2.32\pic\sources\c99\common\awmod.c estimated size: 176

shared
		__initialization		CODE           	3A4A	0000	56

shared estimated size: 56

D:\Program Files\Microchip\xc8\v2.32\pic\sources\c99\common\flge.c
		___flge        		CODE           	2F3E	0000	260

D:\Program Files\Microchip\xc8\v2.32\pic\sources\c99\common\flge.c estimated size: 260

D:\Program Files\Microchip\xc8\v2.32\pic\sources\c99\common\strcpy.c
		_strcpy        		CODE           	3820	0000	92

D:\Program Files\Microchip\xc8\v2.32\pic\sources\c99\common\strcpy.c estimated size: 92

D:\Program Files\Microchip\xc8\v2.32\pic\sources\c99\common\putch.c
		_putch         		CODE           	3D1E	0000	2

D:\Program Files\Microchip\xc8\v2.32\pic\sources\c99\common\putch.c estimated size: 2

D:\Program Files\Microchip\xc8\v2.32\pic\sources\c99\common\sprcdiv.c
		___fldiv       		CODE           	21EE	0000	922

D:\Program Files\Microchip\xc8\v2.32\pic\sources\c99\common\sprcdiv.c estimated size: 922

D:\Program Files\Microchip\xc8\v2.32\pic\sources\c99\common\isspace.c
		_isspace       		CODE           	38CE	0000	82

D:\Program Files\Microchip\xc8\v2.32\pic\sources\c99\common\isspace.c estimated size: 82

adc_con.c
		_adc_reader    		CODE           	3C7A	0000	44
		_adc_initcon   		CODE           	3CA6	0000	38

adc_con.c estimated size: 82

D:\Program Files\Microchip\xc8\v2.32\pic\sources\c99\common\strncmp.c
		_strncmp       		CODE           	3140	0000	214

D:\Program Files\Microchip\xc8\v2.32\pic\sources\c99\common\strncmp.c estimated size: 214

D:\Program Files\Microchip\xc8\v2.32\pic\sources\c99\common\tolower.c
		_tolower       		CODE           	3762	0000	96

D:\Program Files\Microchip\xc8\v2.32\pic\sources\c99\common\tolower.c estimated size: 96

LCD.c
		_LCD_String    		CODE           	37C2	0000	94
		_LCD_Init      		CODE           	3C16	0000	52
		_LCD_Command   		CODE           	3970	0000	80
		_LCD_String_xy 		CODE           	3A8C	0000	64
		_LCD_Char      		CODE           	3920	0000	80
		_LCD_Clear     		CODE           	3D16	0000	8

LCD.c estimated size: 378

D:\Program Files\Microchip\xc8\v2.32\pic\sources\c99\common\awdiv.c
		___awdiv       		CODE           	346A	0000	196

D:\Program Files\Microchip\xc8\v2.32\pic\sources\c99\common\awdiv.c estimated size: 196

