Microchip MPLAB XC8 Compiler V2.32

Linker command line:

-W-3 --edf=D:\Program Files\Microchip\xc8\v2.32\pic\dat\en_msgs.txt -cn \
  -h+dist/default/production\IntelliShower.X.production.sym \
  --cmf=dist/default/production\IntelliShower.X.production.cmf -z -Q18F4550 \
  -oC:\Users\UnSup\AppData\Local\Temp\xcAs8ac.4 --defsym=__MPLAB_BUILD=1 \
  -Mdist/default/production/IntelliShower.X.production.map -E1 \
  -ver=XC8 Compiler --acfsm=1493 -ASTACK=070h-07FFh -pstack=STACK \
  -ACODE=00h-07FFFh -ACONST=00h-07FFFh -ASMALLCONST=0800h-08FFhx120 \
  -AMEDIUMCONST=0800h-07FFFh -ACOMRAM=01h-05Fh -AABS1=00h-07FFh \
  -ABIGRAM=01h-07FFh -ARAM=060h-0FFh,0100h-01FFhx7 -ABANK0=060h-0FFh \
  -ABANK1=0100h-01FFh -ABANK2=0200h-02FFh -ABANK3=0300h-03FFh \
  -ABANK4=0400h-04FFh -ABANK5=0500h-05FFh -ABANK6=0600h-06FFh \
  -ABANK7=0700h-07FFh -ASFR=0F60h-0FFFh -ACONFIG=0300000h-030000Dh \
  -AIDLOC=0200000h-0200007h -AEEDATA=0F00000h-0F000FFh -peeprom_data=EEDATA \
  -preset_vec=00h,intcode,intcodelo,powerup,init -pramtop=0800h \
  -psmallconst=SMALLCONST -pmediumconst=MEDIUMCONST -pconst=CONST \
  -AFARRAM=00h-00h \
  -prdata=COMRAM,nvrram=COMRAM,nvbit=COMRAM,rbss=COMRAM,rbit=COMRAM \
  -pfarbss=FARRAM,fardata=FARRAM,nvFARRAM=FARRAM \
  -pintsave_regs=BIGRAM,bigbss=BIGRAM,bigdata=BIGRAM -pbss=RAM \
  -pidata=CODE,irdata=CODE,ibigdata=CODE,ifardata=CODE -prparam=COMRAM \
  C:\Users\UnSup\AppData\Local\Temp\xcAs8ac.o \
  dist/default/production\IntelliShower.X.production.o 

Object code version is 3.11

Machine type is 18F4550



                Name                               Link     Load   Length Selector   Space Scale
C:\Users\UnSup\AppData\Local\Temp\xcAs8ac.o
                idloc                            200000   200000        8        0       5
                config                           300000   300000        E        0       4
                init                                  0        0        4        0       0
dist/default/production\IntelliShower.X.production.o
                idloc                            200000   200000        8        0       5
                config                           300000   300000        E        0       4
                smallconst                          800      800       1A      400       0
                text15                             1326     1326       50      40D       0
                text14                             149E     149E       34      40D       0
                text13                             11D2     11D2      104      40D       0
                text12                              81A      81A      42A      40D       0
                text11                             1524     1524       26      40D       0
                text10                             101E     101E      1B4      40D       0
                text9                              14FE     14FE       26      40D       0
                text8                              14D2     14D2       2C      40D       0
                text7                              1558     1558        8      40D       0
                text6                              12D6     12D6       50      40D       0
                text5                              1468     1468       36      40D       0
                text4                              13BC     13BC       40      40D       0
                text3                              1432     1432       36      40D       0
                text2                              13FC     13FC       36      40D       0
                text1                               C44      C44      226      40D       0
                text0                               E6A      E6A      1B4      40D       0
                cstackCOMRAM                          1        1       3A        1       1
                bssBANK0                             60       60       10       60       1
                dataCOMRAM                           3B       3B        E        1       1
                bssCOMRAM                            49       49        A        1       1
                cinit                              1376     1376       46      40D       0
                idataCOMRAM                        154A     154A        E      40D       0

TOTAL           Name                               Link     Load   Length     Space
        CLASS   STACK          

        CLASS   CODE           
                init                                  0        0        4         0
                text15                             1326     1326       50         0
                text14                             149E     149E       34         0
                text13                             11D2     11D2      104         0
                text12                              81A      81A      42A         0
                text11                             1524     1524       26         0
                text10                             101E     101E      1B4         0
                text9                              14FE     14FE       26         0
                text8                              14D2     14D2       2C         0
                text7                              1558     1558        8         0
                text6                              12D6     12D6       50         0
                text5                              1468     1468       36         0
                text4                              13BC     13BC       40         0
                text3                              1432     1432       36         0
                text2                              13FC     13FC       36         0
                text1                               C44      C44      226         0
                text0                               E6A      E6A      1B4         0
                cinit                              1376     1376       46         0
                idataCOMRAM                        154A     154A        E         0

        CLASS   CONST          

        CLASS   SMALLCONST     
                smallconst                          800      800       1A         0

        CLASS   MEDIUMCONST    

        CLASS   COMRAM         
                cstackCOMRAM                          1        1       3A         1
                dataCOMRAM                           3B       3B        E         1
                bssCOMRAM                            49       49        A         1

        CLASS   ABS1           

        CLASS   BIGRAM         

        CLASS   RAM            

        CLASS   BANK0          
                bssBANK0                             60       60       10         1

        CLASS   BANK1          

        CLASS   BANK2          

        CLASS   BANK3          

        CLASS   BANK4          

        CLASS   BANK5          

        CLASS   BANK6          

        CLASS   BANK7          

        CLASS   SFR            

        CLASS   CONFIG         
                config                           300000   300000        E         4

        CLASS   IDLOC          
                idloc                            200000   200000        8         5

        CLASS   EEDATA         

        CLASS   FARRAM         



SEGMENTS        Name                           Load    Length   Top    Selector   Space  Class

                reset_vec                      000000  000004  000004         0       0  CODE    
                cstackCOMRAM                   000001  000052  000053         1       1  COMRAM  
                bssBANK0                       000060  000010  000070        60       1  BANK0   
                smallconst                     000800  00001A  00081A       400       0  SMALLCON
                text12                         00081A  000D46  001560       40D       0  CODE    


UNUSED ADDRESS RANGES

        Name                Unused          Largest block    Delta
        BANK0            000070-0000FF               90
        BANK1            000100-0001FF              100
        BANK2            000200-0002FF              100
        BANK3            000300-0003FF              100
        BANK4            000400-0004FF              100
        BANK5            000500-0005FF              100
        BANK6            000600-0006FF              100
        BANK7            000700-0007FF              100
        BIGRAM           000053-00005F                D
                         000070-0007FF              790
        CODE             000004-0007FF              7FC
                         001560-007FFF             6AA0
        COMRAM           000053-00005F                D
        CONST            000004-0007FF              7FC
                         001560-007FFF             6AA0
        EEDATA           F00000-F000FF              100
        MEDIUMCONST      001560-007FFF             6AA0
        RAM              000070-0007FF              100
        SFR              000F60-000FFF               A0
        SMALLCONST       001560-007FFF              100
        STACK            000070-0007FF              790

                                  Symbol Table

?___flmul                cstackCOMRAM 00000F
?___wmul                 cstackCOMRAM 000001
?___xxtofl               cstackCOMRAM 000001
?_adc_reader             cstackCOMRAM 000001
LCD_Char@dat             cstackCOMRAM 000002
LCD_Command@cmd          cstackCOMRAM 000002
LCD_String@msg           cstackCOMRAM 000003
LCD_String_xy@location   cstackCOMRAM 000009
LCD_String_xy@msg        cstackCOMRAM 000006
LCD_String_xy@pos        cstackCOMRAM 000005
LCD_String_xy@row        cstackCOMRAM 000008
_ADCON0bits              (abs)        000FC2
_ADCON1                  (abs)        000FC1
_ADCON1bits              (abs)        000FC1
_ADCON2bits              (abs)        000FC0
_ADRESH                  (abs)        000FC4
_ADRESL                  (abs)        000FC3
_LATA1                   (abs)        007C49
_LATB                    (abs)        000F8A
_LATC0                   (abs)        007C58
_LATC1                   (abs)        007C59
_LATD                    (abs)        000F8C
_LATD0                   (abs)        007C60
_LATD1                   (abs)        007C61
_LCD_Char                text6        0012D6
_LCD_Clear               text7        001558
_LCD_Command             text15       001326
_LCD_Init                text14       00149E
_LCD_String              text5        001468
_LCD_String_xy           text4        0013BC
_OSCCON                  (abs)        000FD3
_OSCCONbits              (abs)        000FD3
_PORTB                   (abs)        000F81
_RBPU                    (abs)        007F8F
_TRISA                   (abs)        000F92
_TRISB                   (abs)        000F93
_TRISC                   (abs)        000F94
_TRISD                   (abs)        000F95
__HRAM                   (abs)        000000
__Habs1                  abs1         000000
__Hbank0                 bank0        000000
__Hbank1                 bank1        000000
__Hbank2                 bank2        000000
__Hbank3                 bank3        000000
__Hbank4                 bank4        000000
__Hbank5                 bank5        000000
__Hbank6                 bank6        000000
__Hbank7                 bank7        000000
__Hbigbss                bigbss       000000
__Hbigdata               bigdata      000000
__Hbigram                bigram       000000
__Hbss                   bss          000000
__HbssBANK0              bssBANK0     000000
__HbssCOMRAM             bssCOMRAM    000000
__Hcinit                 cinit        000000
__Hclrtext               clrtext      000000
__Hcomram                comram       000000
__Hconfig                config       30000E
__Hconst                 const        000000
__HcstackCOMRAM          cstackCOMRAM 000000
__Hdata                  data         000000
__HdataCOMRAM            dataCOMRAM   000000
__Heeprom_data           eeprom_data  000000
__Hfarbss                farbss       000000
__Hfardata               fardata      000000
__Hibigdata              ibigdata     000000
__Hidata                 idata        000000
__HidataCOMRAM           idataCOMRAM  000000
__Hidloc                 idloc        200008
__Hifardata              ifardata     000000
__Hinit                  init         000004
__Hintcode               intcode      000000
__Hintcode_body          intcode_body 000000
__Hintcodelo             intcodelo    000000
__Hintentry              intentry     000000
__Hintret                intret       000000
__Hintsave_regs          intsave_regs 000000
__Hirdata                irdata       000000
__Hmediumconst           mediumconst  000000
__HnvFARRAM              nvFARRAM     000000
__Hnvbit                 nvbit        000000
__Hnvrram                nvrram       000000
__Hparam                 rparam       000000
__Hpowerup               powerup      000000
__Hram                   ram          000000
__Hramtop                ramtop       000800
__Hrbit                  rbit         000000
__Hrbss                  rbss         000000
__Hrdata                 rdata        000000
__Hreset_vec             reset_vec    000000
__Hrparam                rparam       000000
__Hsfr                   sfr          000000
__Hsmallconst            smallconst   00081A
__Hspace_0               (abs)        001560
__Hspace_1               (abs)        000070
__Hspace_2               (abs)        000000
__Hspace_4               (abs)        60000E
__Hstack                 stack        000000
__Hstruct                struct       000000
__Htemp                  temp         000000
__Htext                  text         000000
__Htext0                 text0        000000
__Htext1                 text1        000000
__Htext10                text10       000000
__Htext11                text11       000000
__Htext12                text12       000000
__Htext13                text13       000000
__Htext14                text14       000000
__Htext15                text15       000000
__Htext2                 text2        000000
__Htext3                 text3        000000
__Htext4                 text4        000000
__Htext5                 text5        000000
__Htext6                 text6        000000
__Htext7                 text7        000000
__Htext8                 text8        000000
__Htext9                 text9        000000
__LRAM                   (abs)        000001
__Labs1                  abs1         000000
__Lbank0                 bank0        000000
__Lbank1                 bank1        000000
__Lbank2                 bank2        000000
__Lbank3                 bank3        000000
__Lbank4                 bank4        000000
__Lbank5                 bank5        000000
__Lbank6                 bank6        000000
__Lbank7                 bank7        000000
__Lbigbss                bigbss       000000
__Lbigdata               bigdata      000000
__Lbigram                bigram       000000
__Lbss                   bss          000000
__LbssBANK0              bssBANK0     000000
__LbssCOMRAM             bssCOMRAM    000000
__Lcinit                 cinit        000000
__Lclrtext               clrtext      000000
__Lcomram                comram       000000
__Lconfig                config       000000
__Lconst                 const        000000
__LcstackCOMRAM          cstackCOMRAM 000000
__Ldata                  data         000000
__LdataCOMRAM            dataCOMRAM   000000
__Leeprom_data           eeprom_data  000000
__Lfarbss                farbss       000000
__Lfardata               fardata      000000
__Libigdata              ibigdata     000000
__Lidata                 idata        000000
__LidataCOMRAM           idataCOMRAM  000000
__Lidloc                 idloc        000000
__Lifardata              ifardata     000000
__Linit                  init         000000
__Lintcode               intcode      000000
__Lintcode_body          intcode_body 000000
__Lintcodelo             intcodelo    000000
__Lintentry              intentry     000000
__Lintret                intret       000000
__Lintsave_regs          intsave_regs 000000
__Lirdata                irdata       000000
__Lmediumconst           mediumconst  000000
__LnvFARRAM              nvFARRAM     000000
__Lnvbit                 nvbit        000000
__Lnvrram                nvrram       000000
__Lparam                 rparam       000000
__Lpowerup               powerup      000000
__Lram                   ram          000000
__Lramtop                ramtop       000800
__Lrbit                  rbit         000000
__Lrbss                  rbss         000000
__Lrdata                 rdata        000000
__Lreset_vec             reset_vec    000000
__Lrparam                rparam       000000
__Lsfr                   sfr          000000
__Lsmallconst            smallconst   000800
__Lspace_0               (abs)        000000
__Lspace_1               (abs)        000000
__Lspace_2               (abs)        000000
__Lspace_4               (abs)        000000
__Lstack                 stack        000000
__Lstruct                struct       000000
__Ltemp                  temp         000000
__Ltext                  text         000000
__Ltext0                 text0        000000
__Ltext1                 text1        000000
__Ltext10                text10       000000
__Ltext11                text11       000000
__Ltext12                text12       000000
__Ltext13                text13       000000
__Ltext14                text14       000000
__Ltext15                text15       000000
__Ltext2                 text2        000000
__Ltext3                 text3        000000
__Ltext4                 text4        000000
__Ltext5                 text5        000000
__Ltext6                 text6        000000
__Ltext7                 text7        000000
__Ltext8                 text8        000000
__Ltext9                 text9        000000
__S0                     (abs)        001560
__S1                     (abs)        000070
__S2                     (abs)        000000
__S4                     (abs)        000000
__S5                     (abs)        000000
___flge                  text13       0011D2
___flge@ff1              cstackCOMRAM 000028
___flge@ff2              cstackCOMRAM 00002C
___flmul                 text12       00081A
___flmul@a               cstackCOMRAM 000013
___flmul@aexp            cstackCOMRAM 000020
___flmul@b               cstackCOMRAM 00000F
___flmul@bexp            cstackCOMRAM 000021
___flmul@grs             cstackCOMRAM 00001C
___flmul@prod            cstackCOMRAM 000022
___flmul@sign            cstackCOMRAM 00001B
___flmul@temp            cstackCOMRAM 000026
___inthi_sp              stack        000000
___intlo_sp              stack        000000
___param_bank            (abs)        000000
___rparam_used           (abs)        000001
___sp                    stack        000000
___wmul                  text11       001524
___wmul@multiplicand     cstackCOMRAM 000003
___wmul@multiplier       cstackCOMRAM 000001
___wmul@product          cstackCOMRAM 000005
___xxtofl                text10       00101E
___xxtofl@arg            cstackCOMRAM 00000B
___xxtofl@exp            cstackCOMRAM 00000A
___xxtofl@sign           cstackCOMRAM 000009
___xxtofl@val            cstackCOMRAM 000001
__accesstop              (abs)        000060
__activetblptr           (abs)        000001
__end_of_LCD_Char        text6        001326
__end_of_LCD_Clear       text7        001560
__end_of_LCD_Command     text15       001376
__end_of_LCD_Init        text14       0014D2
__end_of_LCD_String      text5        00149E
__end_of_LCD_String_xy   text4        0013FC
__end_of___flge          text13       0012D6
__end_of___flmul         text12       000C44
__end_of___wmul          text11       00154A
__end_of___xxtofl        text10       0011D2
__end_of__initialization cinit        0013AE
__end_of_adc_initcon     text9        001524
__end_of_adc_reader      text8        0014FE
__end_of_alarmaNegativa  text3        001468
__end_of_alarmaPositiva  text2        001432
__end_of_keyfind         text1        000E6A
__end_of_main            text0        00101E
__initialization         cinit        001376
__mediumconst            mediumconst  000000
__pbssBANK0              bssBANK0     000060
__pbssCOMRAM             bssCOMRAM    000049
__pcinit                 cinit        001376
__pcstackCOMRAM          cstackCOMRAM 000001
__pdataCOMRAM            dataCOMRAM   00003B
__pidataCOMRAM           idataCOMRAM  00154A
__psmallconst            smallconst   000800
__ptext0                 text0        000E6A
__ptext1                 text1        000C44
__ptext10                text10       00101E
__ptext11                text11       001524
__ptext12                text12       00081A
__ptext13                text13       0011D2
__ptext14                text14       00149E
__ptext15                text15       001326
__ptext2                 text2        0013FC
__ptext3                 text3        001432
__ptext4                 text4        0013BC
__ptext5                 text5        001468
__ptext6                 text6        0012D6
__ptext7                 text7        001558
__ptext8                 text8        0014D2
__ptext9                 text9        0014FE
__ramtop                 ramtop       000800
__size_of_LCD_Char       (abs)        000000
__size_of_LCD_Clear      (abs)        000000
__size_of_LCD_Command    (abs)        000000
__size_of_LCD_Init       (abs)        000000
__size_of_LCD_String     (abs)        000000
__size_of_LCD_String_xy  (abs)        000000
__size_of___flge         (abs)        000000
__size_of___flmul        (abs)        000000
__size_of___wmul         (abs)        000000
__size_of___xxtofl       (abs)        000000
__size_of_adc_initcon    (abs)        000000
__size_of_adc_reader     (abs)        000000
__size_of_alarmaNegativa (abs)        000000
__size_of_alarmaPositiva (abs)        000000
__size_of_keyfind        (abs)        000000
__size_of_main           (abs)        000000
__smallconst             smallconst   000800
_adc_initcon             text9        0014FE
_adc_reader              text8        0014D2
_alarmaNegativa          text3        001432
_alarmaPositiva          text2        0013FC
_col_loc                 bssCOMRAM    000052
_idx                     bssCOMRAM    00004F
_keyfind                 text1        000C44
_keypad                  dataCOMRAM   00003B
_lm35                    bssBANK0     000060
_main                    text0        000E6A
_rowloc                  bssCOMRAM    000051
_temp                    bssCOMRAM    000049
_temp_col                bssCOMRAM    000050
_userTemp                dataCOMRAM   000047
_value_adc               bssCOMRAM    00004D
adc_reader@value_adc     cstackCOMRAM 000005
end_of_initialization    cinit        0013AE
intlevel0                text         000000
intlevel1                text         000000
intlevel2                text         000000
intlevel3                text         000000
isa$std                  (abs)        000001
isa$xinst                (abs)        000000
main@char_userTemp       cstackCOMRAM 00003A
main@decena              cstackCOMRAM 000036
main@number              cstackCOMRAM 000038
stackhi                  (abs)        0007FF
stacklo                  (abs)        000070
start                    init         000000
start_initialization     cinit        001376


MODULE INFORMATION

Module		Function		Class		Link	Load	Size
D:\Program Files\Microchip\xc8\v2.32\pic\sources\c99\common\Umul16.c
		___wmul        		CODE           	1524	0000	38

D:\Program Files\Microchip\xc8\v2.32\pic\sources\c99\common\Umul16.c estimated size: 38

keypad.c
		_keyfind       		CODE           	0C44	0000	550

keypad.c estimated size: 550

Principal.c
		_main          		CODE           	0E6A	0000	436
		_alarmaNegativa		CODE           	1432	0000	54
		_alarmaPositiva		CODE           	13FC	0000	54

Principal.c estimated size: 544

D:\Program Files\Microchip\xc8\v2.32\pic\sources\c99\common\xxtofl.c
		___xxtofl      		CODE           	101E	0000	436

D:\Program Files\Microchip\xc8\v2.32\pic\sources\c99\common\xxtofl.c estimated size: 436

D:\Program Files\Microchip\xc8\v2.32\pic\sources\c99\common\sprcmul.c
		___flmul       		CODE           	081A	0000	1066

D:\Program Files\Microchip\xc8\v2.32\pic\sources\c99\common\sprcmul.c estimated size: 1066

shared
		__initialization		CODE           	1376	0000	56

shared estimated size: 56

D:\Program Files\Microchip\xc8\v2.32\pic\sources\c99\common\flge.c
		___flge        		CODE           	11D2	0000	260

D:\Program Files\Microchip\xc8\v2.32\pic\sources\c99\common\flge.c estimated size: 260

adc_con.c
		_adc_reader    		CODE           	14D2	0000	44
		_adc_initcon   		CODE           	14FE	0000	38

adc_con.c estimated size: 82

LCD.c
		_LCD_String    		CODE           	1468	0000	54
		_LCD_Init      		CODE           	149E	0000	52
		_LCD_Command   		CODE           	1326	0000	80
		_LCD_String_xy 		CODE           	13BC	0000	64
		_LCD_Char      		CODE           	12D6	0000	80
		_LCD_Clear     		CODE           	1558	0000	8

LCD.c estimated size: 338

